<!DOCTYPE html>
<html xmlns="http://www.w3.org/1999/xhtml" xml:lang="zh-CN" lang="zh-CN">
  <head>
       <meta http-equiv="Content-Type" content="text/html; charset=UTF-8" />
       <link rel="Stylesheet" type="text/css" href="../../media/css/style.css" />
       <meta http-equiv="content-type" content="text/html; charset=utf-8" />
       <meta name="author" content="Elvis" />
       <title>FreeScaleStartup</title>
       <link rel="shortcut icon" href="../../favicon.ico" />
       <link href="../../feed/" rel="alternate" title="Elvis" type="application/atom+xml" />
       <link rel="stylesheet" href="../../media/css/style.css" />
       <link rel="stylesheet" href="../../media/css/highlight.css" />
       <script type="text/javascript" src="/media/js/jquery-1.7.1.min.js"></script>
  </head>
  <body>
    <a name="top"></a>
    <div id="container">
      <div id="main" role="main">
        <header>
        <h1>FreeScaleStartup</h1>
        </header>
        <nav>
        <span><a title="网站首页" class="" href="../../">首页</a></span>
        <span><a title="文章分类" class="" href="../../categories/">分类</a></span>
        <span><a title="标签索引" class="" href="../../tags/">标签</a></span>
        <!--<span><a title="友情链接" class="" href="../../links/">链接</a></span>-->
        <span><a title="留言交流" class="" href="../../guestbook/">留言</a></span>
        <span><a title="关于站长" class="" href="../../about/">关于</a></span>
        <span><a title="种子订阅" class="" href="../../feed/" target="_blank">订阅</a></span>
        </nav>
        <article class="content">
        
<p>
/etc # System shutdown,please wait!
</p>

<p>
The system is going down NOW!
Sent SIGTERM to all processes
Sent SIGKILL to[ 2930.488544] Restarting system.
</p>


<p>
U-Boot 2011.12 (Jan 30 2013 - 21:43:51)
</p>

<p>
CPU:   P1013, Version: 1.1, (0x80e70011)
Core:  E500, Version: 5.1, (0x80211151)
Clock Configuration:
</p>
<blockquote>
CPU0:600  MHz, 
CCB:400  MHz,
DDR:200  MHz (400 MT/s data rate) (Synchronous), LBC:25   MHz
</blockquote>
<p>
L1:    D-cache 32 kB enabled
</p>
<blockquote>
I-cache 32 kB enabled
</blockquote>
<p>
Board: P1022DS Sys ID: 0xfc, Sys Ver: 0xd0, FPGA Ver: 0xd4, Promjet
I2C:   ready
SPI:   ready
DRAM:  starting at step 2 (STEP_COMPUTE_DIMM_PARMS)
fsl_ddr_get_dimm_params ret
Filling dimm parameters from board specific file
Computing lowest common DIMM parameters for memctl=0
Detected UDIMM Fixed DDR on board
The choosen cas latency 11 is too large
Reloading memory controller configuration options for memctl=0
FSL Memory ctrl cg register computation
Programming controller 0
total_memory = 1073741824
1 GiB (DDR3, 64-bit, CL=6, ECC off)
</p>

<p>
Flash: 64 MiB
L2:    256 KB enabled
NAND:  No NAND device found!!!
0 MiB
MMC:  FSL_SDHC: 0
EEPROM: Invalid ID (ff ff ff ff)
PCIe1: Root Complex of Slot 1, no link, regs @ 0xffe0a000
PCIe1: Bus 00 - 00
PCIe2: Root Complex of Slot 3, no link, regs @ 0xffe09000
PCIe2: Bus 01 - 01
PCIe3: Root Complex of Slot 2, no link, regs @ 0xffe0b000
PCIe3: Bus 02 - 02
Video: No radeon video card found!
In:    serial
Out:   serial
Err:   serial
Net:   eTSEC1, eTSEC2
Hit any key to stop autoboot:  0 
WARNING: adjusting available memory to 30000000
## Booting kernel from Legacy Image at 01000000 ...
   Image Name:   Linux-3.0.48-rt70
   Image Type:   PowerPC Linux Kernel Image (gzip compressed)
   Data Size:    3301961 Bytes = 3.1 MiB
   Load Address: 00000000
   Entry Point:  00000000
   Verifying Checksum ... OK
## Loading init Ramdisk from Legacy Image at 02000000 ...
   Image Name:   ramdisk file
   Image Type:   PowerPC Linux RAMDisk Image (uncompressed)
   Data Size:    6010613 Bytes = 5.7 MiB
   Load Address: 02000000
   Entry Point:  02000040
   Verifying Checksum ... OK
## Flattened Device Tree blob at 00c00000
   Booting using the fdt blob at 0x00c00000
   Uncompressing Kernel Image ... OK
   Loading Ramdisk to 2fa44000, end 2ffff6f5 ... OK
   Loading Device Tree to 03ff9000, end 03fff8d3 ... OK
[    0.000000] Using P1022 DS machine description
[    0.000000] Memory CAM mapping: 256/256/256 Mb, residual: 256Mb
[    0.000000] Linux version 3.0.48-rt70 (root@debian) (gcc version 4.4.1 (Wind River Linux Sourcery G++ 4.4a-336) ) #12 Sun Jul 28 15:50:40 CST 2013
[    0.000000] Found initrd at 0xefa44000:0xeffff6f5
[    0.000000] Found legacy serial port 0 for /soc@ffe00000/serial@4500
[    0.000000]   mem=ffe04500, taddr=ffe04500, irq=0, clk=399999996, speed=0
[    0.000000] Found legacy serial port 1 for /soc@ffe00000/serial@4600
[    0.000000]   mem=ffe04600, taddr=ffe04600, irq=0, clk=399999996, speed=0
[    0.000000] clock-freq is 3692300, clock is 3692300.
[    0.000000] Found legacy serial port 2 for /serail@e5300000/serial@0
[    0.000000]   mem=e5300000, taddr=e5300000, irq=0, clk=3692300, speed=0
[    0.000000] clock-freq is 3692300, clock is 3692300.
[    0.000000] Found legacy serial port 3 for /serail@e5300000/serial@1000
[    0.000000]   mem=e5301000, taddr=e5301000, irq=0, clk=3692300, speed=0
[    0.000000] clock-freq is 3692300, clock is 3692300.
[    0.000000] Found legacy serial port 4 for /serail@e5300000/serial@2000
[    0.000000]   mem=e5302000, taddr=e5302000, irq=0, clk=3692300, speed=0
[    0.000000] clock-freq is 3692300, clock is 3692300.
[    0.000000] Found legacy serial port 5 for /serail@e5300000/serial@3000
[    0.000000]   mem=e5303000, taddr=e5303000, irq=0, clk=3692300, speed=0
[    0.000000] clock-freq is 3692300, clock is 3692300.
[    0.000000] Found legacy serial port 6 for /serail@e5300000/serial@4000
[    0.000000]   mem=e5304000, taddr=e5304000, irq=0, clk=3692300, speed=0
[    0.000000] clock-freq is 3692300, clock is 3692300.
[    0.000000] Found legacy serial port 7 for /serail@e5300000/serial@5000
[    0.000000]   mem=e5305000, taddr=e5305000, irq=0, clk=3692300, speed=0
[    0.000000] bootconsole [udbg0] enabled
setup_arch: bootmem
p1022_ds_setup_arch()
[    0.000000] Found FSL PCI host bridge at 0x00000000ffe09000. Firmware bus number: 0-&gt;255
[    0.000000] PCI host bridge /pcie@ffe09000  ranges:
[    0.000000]  MEM 0x00000000a0000000..0x00000000bfffffff -&gt; 0x00000000e0000000 
[    0.000000]   IO 0x00000000ffc10000..0x00000000ffc1ffff -&gt; 0x0000000000000000
[    0.000000] /pcie@ffe09000: PCICSRBAR @ 0xfff00000
[    0.000000] Found FSL PCI host bridge at 0x00000000ffe0a000. Firmware bus number: 0-&gt;255
[    0.000000] PCI host bridge /pcie@ffe0a000  ranges:
[    0.000000]  MEM 0x00000000c0000000..0x00000000dfffffff -&gt; 0x00000000e0000000 
[    0.000000]   IO 0x00000000ffc20000..0x00000000ffc2ffff -&gt; 0x0000000000000000
[    0.000000] /pcie@ffe0a000: PCICSRBAR @ 0xfff00000
[    0.000000] Found FSL PCI host bridge at 0x00000000ffe0b000. Firmware bus number: 0-&gt;255
[    0.000000] PCI host bridge /pcie@ffe0b000  ranges:
[    0.000000]  MEM 0x0000000080000000..0x000000009fffffff -&gt; 0x00000000e0000000 
[    0.000000]   IO 0x00000000ffc00000..0x00000000ffc0ffff -&gt; 0x0000000000000000
[    0.000000] /pcie@ffe0b000: PCICSRBAR @ 0xfff00000
[    0.000000] Freescale P1022 DS reference board
arch: exit
[    0.000000] Zone PFN ranges:
[    0.000000]   DMA      0x00000000 -&gt; 0x00030000
[    0.000000]   Normal   empty
[    0.000000]   HighMem  0x00030000 -&gt; 0x00040000
[    0.000000] Movable zone start PFN for each node
[    0.000000] early_node_map[1] active PFN ranges
[    0.000000]     0: 0x00000000 -&gt; 0x00040000
[    0.000000] MMU: Allocated 1088 bytes of context maps for 255 contexts
[    0.000000] Built 1 zonelists in Zone order, mobility grouping on.  Total pages: 260096
[    0.000000] Kernel command line: root=/dev/ram rw mem=1024M@0x00000000 console=ttyS0,115200
[    0.000000] PID hash table entries: 4096 (order: 2, 16384 bytes)
[    0.000000] Dentry cache hash table entries: 131072 (order: 7, 524288 bytes)
[    0.000000] Inode-cache hash table entries: 65536 (order: 6, 262144 bytes)
[    0.000000] Memory: 1026700k/1048576k available (6508k kernel code, 21876k reserved, 208k data, 157k bss, 200k init)
[    0.000000] Kernel virtual memory layout:
[    0.000000]   * 0xfffcf000..0xfffff000  : fixmap
[    0.000000]   * 0xff800000..0xffc00000  : highmem PTEs
[    0.000000]   * 0xff7c8000..0xff800000  : early ioremap
[    0.000000]   * 0xf1000000..0xff7c8000  : vmalloc &amp; ioremap
[    0.000000] SLUB: Genslabs=15, HWalign=32, Order=0-3, MinObjects=0, CPUs=1, Nodes=1
[    0.000000] NR_IRQS:512 nr_irqs:512 16
[    0.000000] mpic: Setting up MPIC " OpenPIC  " version 1.2 at ffe40000, max 1 CPUs
[    0.000000] mpic: ISU size: 256, shift: 8, mask: ff
[    0.000000] mpic: Initializing for 256 sources
[    0.000000] clocksource: timebase mult[5000000] shift[22] registered
[    0.000000] Console: colour dummy device 80x25
[    0.010731] pid_max: default: 32768 minimum: 301
[    0.015423] Mount-cache hash table entries: 512
[    0.022146] devtmpfs: initialized
[    0.026065] NET: Registered protocol family 16
</p>
             
<p>
[    0.035163] PCI: Probing PCI hardware
[    0.038987] pci 0000:00:00.0: ignoring class b20 (doesn't match header type 01)
[    0.046313] pci 0000:00:00.0: bridge configuration invalid ([bus 00-00]), reconfiguring
[    0.054255] pci 0000:00:00.0: PCI bridge to [bus 01-ff]
[    0.059969] pci 0001:02:00.0: ignoring class b20 (doesn't match header type 01)
[    0.067285] pci 0001:02:00.0: bridge configuration invalid ([bus 00-00]), reconfiguring
[    0.075227] pci 0001:02:00.0: PCI bridge to [bus 03-ff]
[    0.080941] pci 0002:04:00.0: ignoring class b20 (doesn't match header type 01)
[    0.088258] pci 0002:04:00.0: bridge configuration invalid ([bus 00-00]), reconfiguring
[    0.096200] pci 0002:04:00.0: PCI bridge to [bus 05-ff]
[    0.101838] pci 0000:00:00.0: PCI bridge to [bus 01-01]
[    0.106988] pci 0000:00:00.0:   bridge window [io  0xff7ed000-0xff7fcfff]
[    0.113748] pci 0000:00:00.0:   bridge window [mem 0xa0000000-0xbfffffff]
[    0.120516] pci 0000:00:00.0:   bridge window [mem pref disabled]
[    0.126595] pci 0001:02:00.0: PCI bridge to [bus 03-03]
[    0.131802] pci 0001:02:00.0:   bridge window [io  0xff7db000-0xff7eafff]
[    0.138572] pci 0001:02:00.0:   bridge window [mem 0xc0000000-0xdfffffff]
[    0.145340] pci 0001:02:00.0:   bridge window [mem pref disabled]
[    0.151419] pci 0002:04:00.0: PCI bridge to [bus 05-05]
[    0.156627] pci 0002:04:00.0:   bridge window [io  0xff7c9000-0xff7d8fff]
[    0.163397] pci 0002:04:00.0:   bridge window [mem 0x80000000-0x9fffffff]
[    0.170165] pci 0002:04:00.0:   bridge window [mem pref disabled]
[    0.176248] pci 0000:00:00.0: enabling device (0106 -&gt; 0107)
[    0.181888] pci 0001:02:00.0: enabling device (0106 -&gt; 0107)
[    0.187529] pci 0002:04:00.0: enabling device (0106 -&gt; 0107)
[    0.210007] bio: create slab &lt;bio-0&gt; at 0
[    0.282022] raid6: int32x1    104 MB/s
[    0.350299] raid6: int32x2    166 MB/s
[    0.418161] raid6: int32x4    229 MB/s
[    0.486365] raid6: int32x8    190 MB/s
[    0.490019] raid6: using algorithm int32x4 (229 MB/s)
[    0.495081] Freescale Elo / Elo Plus DMA driver
[    0.500047] vgaarb: loaded
[    0.503193] SCSI subsystem initialized
[    0.507916] usbcore: registered new interface driver usbfs
[    0.513612] usbcore: registered new interface driver hub
[    0.519014] usbcore: registered new device driver usb
[    0.524724] Advanced Linux Sound Architecture Driver Version 1.0.24.
[    0.531812] Switching to clocksource timebase
[    0.540114] Switched to NOHz mode on CPU #0
[    0.552981] NET: Registered protocol family 2
[    0.557427] IP route cache hash table entries: 32768 (order: 5, 131072 bytes)
[    0.565300] TCP established hash table entries: 131072 (order: 8, 1048576 bytes)
[    0.575169] TCP bind hash table entries: 65536 (order: 6, 262144 bytes)
[    0.582280] TCP: Hash tables configured (established 131072 bind 65536)
[    0.588820] TCP reno registered
[    0.591935] UDP hash table entries: 512 (order: 1, 8192 bytes)
[    0.597778] UDP-Lite hash table entries: 512 (order: 1, 8192 bytes)
[    0.604276] NET: Registered protocol family 1
[    0.608861] RPC: Registered named UNIX socket transport module.
[    0.614715] RPC: Registered udp transport module.
[    0.619384] RPC: Registered tcp transport module.
[    0.624071] RPC: Registered tcp NFSv4.1 backchannel transport module.
[    0.630643] Trying to unpack rootfs image as initramfs...
[    0.636600] rootfs image is not initramfs (no cpio magic); looks like an initrd
[    0.660633] Freeing initrd memory: 5872k freed
[    0.669934] fsl-elo-dma ffe0c300.dma: #2 (fsl,eloplus-dma-channel), irq 78
[    0.676807] fsl-elo-dma ffe0c300.dma: #3 (fsl,eloplus-dma-channel), irq 79
[    0.686852] fsl-l2ctlr ffe20000.l2-cache-controller: Entire L2 as cache, provide valid sram address and size
[    0.696627] fsl-l2ctlr: probe of ffe20000.l2-cache-controller failed with error -22
[    0.704636] fsl-elo-dma ffe21300.dma: #0 (fsl,eloplus-dma-channel), irq 24
[    0.711499] fsl-elo-dma ffe21300.dma: #1 (fsl,eloplus-dma-channel), irq 25
[    0.718350] fsl-elo-dma ffe21300.dma: #2 (fsl,eloplus-dma-channel), irq 26
[    0.725206] fsl-elo-dma ffe21300.dma: #3 (fsl,eloplus-dma-channel), irq 27
[    0.736161] Freescale PowerQUICC MII Bus: probed
[    0.747423] fsl-pq_mdio: probe of ffe25000.mdio failed with error -16
[    0.754576] Freescale PMC driver
[    0.760396] audit: initializing netlink socket (disabled)
[    0.765746] type=2000 audit(0.676:1): initialized
[    0.770940] highmem bounce pool size: 64 pages
[    0.789943] Installing knfsd (copyright (C) 1996 okir@monad.swb.de).
[    0.796528] NTFS driver 2.1.30 [Flags: R/O].
[    0.801292] JFFS2 version 2.2. (NAND) Â© 2001-2006 Red Hat, Inc.
[    0.807888] msgmni has been set to 1504
[    0.812736] io scheduler noop registered
[    0.816586] io scheduler deadline registered
[    0.820917] io scheduler cfq registered (default)
[    0.993769] Serial: 8250/16550 driver, 8 ports, IRQ sharing disabled
;  .0£²ë 5{£¹J§1«5a
[    1.006328] serial8250.0: ttyS0 at MMIO 0xffe04500 (irq = 42) is a 16550A
[    1.013302] console [ttyS0] enabled, bootconsole disabled
[    1.013302] console [ttyS0] enabled, bootconsole disabled
[    1.025176] autoconfig_16550a
[    1.027974] serial8250.0: ttyS1 at MMIO 0xffe04600 (irq = 42) is a 16550A
[    1.036059] autoconfig_16550a
[    1.059428] serial8250.0: ttyS2 at MMIO 0xe5300000 (irq = 17) is a 16550A
[    1.067489] autoconfig_16550a
[    1.090864] serial8250.0: ttyS3 at MMIO 0xe5301000 (irq = 18) is a 16550A
[    1.098927] autoconfig_16550a
[    1.122297] serial8250.0: ttyS4 at MMIO 0xe5302000 (irq = 19) is a 16550A
[    1.130364] autoconfig_16550a
[    1.153734] serial8250.0: ttyS5 at MMIO 0xe5303000 (irq = 20) is a 16550A
[    1.161797] autoconfig_16550a
[    1.185167] serial8250.0: ttyS6 at MMIO 0xe5304000 (irq = 21) is a 16550A
[    1.193234] autoconfig_16550a
[    1.216604] serial8250.0: ttyS7 at MMIO 0xe5305000 (irq = 22) is a 16550A
[    1.224468] Generic non-volatile memory driver v1.1
[    1.235686] brd: module loaded
[    1.241991] loop: module loaded
[    1.245385] nbd: registered device at major 43
[    1.256897] st: Version 20101219, fixed bufsize 32768, s/g segs 256
[    1.264326] fsl-sata ffe18000.sata: Sata FSL Platform/CSB Driver init
[    1.271479] scsi0 : sata_fsl
[    1.274796] ata1: SATA max UDMA/133 irq 74
[    1.278947] fsl-sata ffe19000.sata: Sata FSL Platform/CSB Driver init
[    1.286183] scsi1 : sata_fsl
[    1.289387] ata2: SATA max UDMA/133 irq 41
[    1.296663] e8000000.nor: Found 1 x16 devices at 0x0 in 16-bit bank. Manufacturer ID 0x000001 Chip ID 0x002301
[    1.306688] Amd/Fujitsu Extended Query Table at 0x0040
[    1.311868]   Amd/Fujitsu Extended Query version 1.3.
[    1.316924] number of CFI chips: 1
[    1.320653] Creating 4 MTD partitions on "e8000000.nor":
[    1.325986] 0x000000000000-0x000000020000 : "rcw"
[    1.331500] ftl_cs: FTL header not found.
[    1.336158] 0x000000020000-0x000000d00000 : "linux"
[    1.342179] ftl_cs: FTL header not found.
[    1.346784] 0x000000d00000-0x000003f60000 : "fs"
[    1.352611] ftl_cs: FTL header not found.
[    1.357220] 0x000003f80000-0x000004000000 : "uboot"
[    1.363003] ftl_cs: FTL header not found.
[    1.369811] m25p80 spi32766.0: unrecognized JEDEC id ffffff
[    1.376005] fsl_espi ffe07000.spi: at 0xf105a000 (irq = 59)
[    1.384305] Fixed MDIO Bus: probed
[    1.388203] fsl-gianfar ethernet.5: ptp 1588 is initialized.
[    1.394788] fsl-gianfar ethernet.5: eth0: mac: 08:08:11:18:12:27
[    1.400822] fsl-gianfar ethernet.5: eth0: Running with NAPI enabled
[    1.407095] fsl-gianfar ethernet.5: eth0: RX BD ring size for Q[0]: 256
[    1.413715] fsl-gianfar ethernet.5: eth0: RX BD ring size for Q[1]: 256
[    1.420334] fsl-gianfar ethernet.5: eth0: RX BD ring size for Q[2]: 256
[    1.426952] fsl-gianfar ethernet.5: eth0: RX BD ring size for Q[3]: 256
[    1.433570] fsl-gianfar ethernet.5: eth0: RX BD ring size for Q[4]: 256
[    1.440189] fsl-gianfar ethernet.5: eth0: RX BD ring size for Q[5]: 256
[    1.446807] fsl-gianfar ethernet.5: eth0: RX BD ring size for Q[6]: 256
[    1.453426] fsl-gianfar ethernet.5: eth0: RX BD ring size for Q[7]: 256
[    1.460044] fsl-gianfar ethernet.5: eth0: TX BD ring size for Q[0]: 256
[    1.466663] fsl-gianfar ethernet.5: eth0: TX BD ring size for Q[1]: 256
[    1.473281] fsl-gianfar ethernet.5: eth0: TX BD ring size for Q[2]: 256
[    1.479899] fsl-gianfar ethernet.5: eth0: TX BD ring size for Q[3]: 256
[    1.486518] fsl-gianfar ethernet.5: eth0: TX BD ring size for Q[4]: 256
[    1.493137] fsl-gianfar ethernet.5: eth0: TX BD ring size for Q[5]: 256
[    1.499756] fsl-gianfar ethernet.5: eth0: TX BD ring size for Q[6]: 256
[    1.506374] fsl-gianfar ethernet.5: eth0: TX BD ring size for Q[7]: 256
[    1.513323] fsl-gianfar ethernet.6: ptp 1588 is initialized.
[    1.519860] fsl-gianfar ethernet.6: eth1: mac: 08:08:aa:18:12:27
[    1.525890] fsl-gianfar ethernet.6: eth1: Running with NAPI enabled
[    1.532164] fsl-gianfar ethernet.6: eth1: RX BD ring size for Q[0]: 256
[    1.538782] fsl-gianfar ethernet.6: eth1: RX BD ring size for Q[1]: 256
[    1.545401] fsl-gianfar ethernet.6: eth1: RX BD ring size for Q[2]: 256
[    1.552019] fsl-gianfar ethernet.6: eth1: RX BD ring size for Q[3]: 256
[    1.558638] fsl-gianfar ethernet.6: eth1: RX BD ring size for Q[4]: 256
[    1.565257] fsl-gianfar ethernet.6: eth1: RX BD ring size for Q[5]: 256
[    1.571875] fsl-gianfar ethernet.6: eth1: RX BD ring size for Q[6]: 256
[    1.578493] fsl-gianfar ethernet.6: eth1: RX BD ring size for Q[7]: 256
[    1.585112] fsl-gianfar ethernet.6: eth1: TX BD ring size for Q[0]: 256
[    1.591730] fsl-gianfar ethernet.6: eth1: TX BD ring size for Q[1]: 256
[    1.598349] fsl-gianfar ethernet.6: eth1: TX BD ring size for Q[2]: 256
[    1.604968] fsl-gianfar ethernet.6: eth1: TX BD ring size for Q[3]: 256
[    1.611586] fsl-gianfar ethernet.6: eth1: TX BD ring size for Q[4]: 256
[    1.618204] fsl-gianfar ethernet.6: eth1: TX BD ring size for Q[5]: 256
[    1.624823] fsl-gianfar ethernet.6: eth1: TX BD ring size for Q[6]: 256
[    1.631441] fsl-gianfar ethernet.6: eth1: TX BD ring size for Q[7]: 256
[    1.638228] ucc_geth: QE UCC Gigabit Ethernet Controller
[    1.645486] ehci_hcd: USB 2.0 'Enhanced' Host Controller (EHCI) Driver
[    1.652596] ohci_hcd: USB 1.1 'Open' Host Controller (OHCI) Driver
[    1.659294] /soc@ffe00000/usb@22000: Invalid 'dr_mode' property, fallback to host mode
[    1.667474] fsl-ehci fsl-ehci.0: Freescale On-Chip EHCI Host Controller
[    1.674551] fsl-ehci fsl-ehci.0: new USB bus registered, assigned bus number 1
[    1.704152] fsl-ehci fsl-ehci.0: irq 28, io mem 0xffe22000
[    1.720126] fsl-ehci fsl-ehci.0: USB 2.0 started, EHCI 1.00
[    1.726442] hub 1-0:1.0: USB hub found
[    1.730231] hub 1-0:1.0: 1 port detected
[    1.734633] Initializing USB Mass Storage driver...
[    1.739718] usbcore: registered new interface driver usb-storage
[    1.745739] USB Mass Storage support registered.
[    1.751172] mpc-i2c ffe03000.i2c: timeout 1000000 us
[    1.756416] mpc-i2c ffe03100.i2c: timeout 1000000 us
[    1.764750] rtc-ds1307 1-0068: rtc core: registered ds1339 as rtc0
[    1.771555] EDAC MC: Ver: 2.1.0
[    1.775112] sdhci: Secure Digital Host Controller Interface driver
[    1.781310] sdhci: Copyright(c) Pierre Ossman
[    1.786175] mmc0: SDHCI controller on ffe2e000.sdhc [ffe2e000.sdhc] using DMA
[    1.793459] ata1: No Device OR PHYRDY change,Hstatus = 0xa0000000
[    1.799574] ata1: SATA link down (SStatus 0 SControl 300)
[    1.807206] usbcore: registered new interface driver usbhid
[    1.812806] usbhid: USB HID core driver
[    1.818358] Freescale Synchronous Serial Interface (SSI) ASoC Driver
[    1.825040] ata2: No Device OR PHYRDY change,Hstatus = 0xa0000000
[    1.831158] ata2: SATA link down (SStatus 0 SControl 300)
[    1.837166] Freescale Elo DMA ASoC PCM Driver
[    1.843743] asoc: wm8776-hifi-playback &lt;-&gt; ffe15000.ssi mapping ok
[    1.850315] asoc: wm8776-hifi-capture &lt;-&gt; ffe15000.ssi mapping ok
[    1.857895] ALSA device list:
[    1.860889]   #0: snd-soc-p1022ds
[    1.865375] IPv4 over IPv4 tunneling driver
[    1.870508] TCP cubic registered
[    1.873752] Initializing XFRM netlink socket
[    1.878035] NET: Registered protocol family 17
[    1.882507] NET: Registered protocol family 15
[    1.886975] Registering the dns_resolver key type
[    1.894773] rtc-ds1307 1-0068: setting system clock to 2001-01-13 05:45:24 UTC (979364724)
[    1.904702] RAMDISK: gzip image found at block 0
[    2.048175] usb 1-1: new high speed USB device number 2 using fsl-ehci
[    2.204352] hub 1-1:1.0: USB hub found
[    2.212177] hub 1-1:1.0: 7 ports detected
[    6.044309] VFS: Mounted root (ext2 filesystem) on device 1:0.
[    6.050562] Freeing unused kernel memory: 200k freed
[   12.513562] PHY: mdio@ffe24000:01 - Link is Up - 100/Full
Playing WAVE '/nor-disk/audiosrv/Success.wav' : Unsigned 8 bit, Rate 19886 Hz, Mono
</p>
<blockquote>
Welcome to P1013 Board
</blockquote>


<p>
Hyperion login: root
Password: 
login[1360]: root login on 'ttyS0'
~ # 
</p>

        </article>
      </div>

    <footer>
        <p><small>
	      <a rel="license" href="http://creativecommons.org/licenses/by-sa/3.0/cn/" target="_blank" title="许可协议">©</a> 2014 <a href="../../about/">About_Elvis</a>
       | <a href="../html/index.html">Wiki_home</a>
       | <a href="../../index.html">Blog_home</a>
       | <a href="#top">TOP</a>
         </small></p>
    </footer>

    </div>
  </body>
</html>
